// Jest Snapshot v1, https://goo.gl/fbAQLP

exports[`SignupForm renders correctly according to snapshot. 1`] = `
<div
  className="grid  w-[100%] rounded-md bg-neutral-300 p-2"
>
  <div
    className="flex-wrap"
    data-netlify="true"
    method="post"
    name="newsletter"
  >
    <input
      className="m-2 block rounded-md p-2"
      name="form-name"
      type="hidden"
      value="newsletter"
    />
    <label>
      <div
        hidden={true}
      >
        name
      </div>
      <input
        className="m-2 block w-[95%] min-w-[13.25rem] rounded-md p-2"
        name="name"
        placeholder="Full Name"
        required={true}
        type="text"
      />
    </label>
    <label>
      <div
        hidden={true}
      >
        email
      </div>
      <input
        className="m-2 block w-[95%] min-w-[13.25rem] rounded-md p-2"
        name="email"
        placeholder="Email"
        required={true}
        type="email"
      />
    </label>
    <button
      className="shadow-grey  mb-2  ml-2  mt-4 block  h-[2rem]  w-[20%]  min-w-[7rem]  rounded-md  bg-white  text-xl  shadow  hover:origin-bottom  hover:translate-y-0.5 hover:shadow-none"
      type="submit"
    >
      Sign up
    </button>
  </div>
</div>
`;
