// Jest Snapshot v1, https://goo.gl/fbAQLP

exports[`Sponsors renders correctly according to snapshot. 1`] = `
<div
  className="bg-white p-10"
>
  <div>
    <h5
      className="mb-5 flex justify-center text-black xs:text-2xl md:text-3xl"
    >
      Thank you so much to our incredible sponsors!
    </h5>
  </div>
  <div
    className=""
  >
    <div
      className="flex  justify-around  xs:flex-wrap  xs:pb-5  md:pb-14  md:pt-20"
    >
      <a
        href="https://www.uptechstudio.com/"
        target="_blank"
      >
        <img
          alt="uptech logo"
          className="m-5  aspect-auto  xs:w-[200px]  md:w-[260px]"
          data-nimg="1"
          decoding="async"
          height={40}
          loading="lazy"
          onError={[Function]}
          onLoad={[Function]}
          src="/_next/image?url=%2Fimg.jpg&w=96&q=75"
          srcSet="/_next/image?url=%2Fimg.jpg&w=48&q=75 1x, /_next/image?url=%2Fimg.jpg&w=96&q=75 2x"
          style={
            {
              "color": "transparent",
            }
          }
          width={40}
        />
      </a>
      <a
        href="https://www.techoregon.org/"
        target="_blank"
      >
        <img
          alt="tech oregon logo"
          className="m-5 aspect-auto xs:w-[200px] md:w-[260px]"
          data-nimg="1"
          decoding="async"
          height={40}
          loading="lazy"
          onError={[Function]}
          onLoad={[Function]}
          src="/_next/image?url=%2Fimg.jpg&w=96&q=75"
          srcSet="/_next/image?url=%2Fimg.jpg&w=48&q=75 1x, /_next/image?url=%2Fimg.jpg&w=96&q=75 2x"
          style={
            {
              "color": "transparent",
            }
          }
          width={40}
        />
      </a>
      <a
        href="https://codepen.io/"
        target="_blank"
      >
        <img
          alt="codepen logo"
          className="mb-5 ml-5 mr-5 mt-8 aspect-auto xs:w-[200px] md:w-[260px] "
          data-nimg="1"
          decoding="async"
          height={40}
          loading="lazy"
          onError={[Function]}
          onLoad={[Function]}
          src="/_next/image?url=%2Fimg.jpg&w=96&q=75"
          srcSet="/_next/image?url=%2Fimg.jpg&w=48&q=75 1x, /_next/image?url=%2Fimg.jpg&w=96&q=75 2x"
          style={
            {
              "color": "transparent",
            }
          }
          width={40}
        />
      </a>
      <a
        href="https://www.bendpropertysource.com/"
        target="_blank"
      >
        <img
          alt="ladd group logo"
          className="mb-5  ml-5  mr-5  aspect-auto  xs:mb-0  xs:mt-5  xs:w-[200px]  md:mt-2  md:w-[260px]"
          data-nimg="1"
          decoding="async"
          height={40}
          loading="lazy"
          onError={[Function]}
          onLoad={[Function]}
          src="/_next/image?url=%2Fimg.jpg&w=96&q=75"
          srcSet="/_next/image?url=%2Fimg.jpg&w=48&q=75 1x, /_next/image?url=%2Fimg.jpg&w=96&q=75 2x"
          style={
            {
              "color": "transparent",
            }
          }
          width={40}
        />
      </a>
    </div>
    <div
      className="flex justify-center"
    >
      <div>
        <h5
          className="mt-5 text-2xl italic md:text-3xl"
        >
          We are always looking for new sponsors
        </h5>
        <div
          className="flex justify-center"
        >
          <a
            className="shadow-grey  mt-5  rounded  bg-[#7FE7D7]  p-3  text-xl  shadow  hover:origin-bottom  hover:translate-y-0.5  hover:shadow-none  md:text-2xl"
            href="#contact"
            htmlFor="button"
          >
            Contact Us
          </a>
        </div>
      </div>
    </div>
  </div>
</div>
`;
